@req(false)
x := 10 ;
if x == y ->
      y := y + 1 ;
[] x <= y ->
      y := 7 - y ;
      do @inv()
      [] v > z ->
            do @inv(quux >= ni) od
      [] z < v ->
            if fi
      od
[] (foo >= baz | ~ true) & (0 > 1 | x % 2 == 0) ->
      z := (4 + 30) - ((x * y) / 24) ;
[] true ->
      x, y, z := 10, 20, 76 ;
fi
catdog := c ;
@ens(true)
